[36mvite v7.1.7 [32mbuilding for production...[36m[39m
transforming...
[32mÔ£ô[39m 2404 modules transformed.
rendering chunks...
computing gzip size...
[2mdist/[22m[32mindex.html                 [39m[1m[2m    0.55 kB[22m[1m[22m[2m Ôöé gzip:   0.34 kB[22m
[2mdist/[22m[35massets/index-D2HPPuiS.css  [39m[1m[2m  100.75 kB[22m[1m[22m[2m Ôöé gzip:  16.34 kB[22m
[2mdist/[22m[36massets/index-CwlWSqPA.js   [39m[1m[33m1,086.63 kB[39m[22m[2m Ôöé gzip: 330.34 kB[22m
node.exe : [33m
No linha:1 
caractere:1
+ & "C:\Program Files
\nodejs/node.exe" 
"C:\Program 
Files\nodejs/node_mo 
...
+ ~~~~~~~~~~~~~~~~~~~
~~~~~~~~~~~~~~~~~~~~~
~~~~~~~~~~~~~~~~~~~~~
~~~~~~~~
    + CategoryInfo   
           : NotSpe  
  cified: ([33m:S   
 tring) [], Remot    
eException
    + FullyQualified 
   ErrorId : Native  
  CommandError
 
(!) Some chunks are 
larger than 500 kB 
after minification. 
Consider:
- Using dynamic 
import() to 
code-split the 
application
- Use build.rollupOpt
ions.output.manualChu
nks to improve 
chunking: https://rol
lupjs.org/configurati
on-options/#output-ma
nualchunks
- Adjust chunk size 
limit for this 
warning via build.chu
nkSizeWarningLimit.[
39m
[32mÔ£ô built in 3.93s[39m
